Script running...
AxiosError: unable to verify the first certificate
    at Function.AxiosError.from (file:///Users/francois/Documents/DEV-GLOBAL/casinos/node_modules/axios/lib/core/AxiosError.js:89:14)
    at RedirectableRequest.handleRequestError (file:///Users/francois/Documents/DEV-GLOBAL/casinos/node_modules/axios/lib/adapters/http.js:593:25)
    at RedirectableRequest.emit (node:events:513:28)
    at ClientRequest.eventHandlers.<computed> (/Users/francois/Documents/DEV-GLOBAL/casinos/node_modules/follow-redirects/index.js:14:24)
    at ClientRequest.emit (node:events:513:28)
    at TLSSocket.socketErrorListener (node:_http_client:494:9)
    at TLSSocket.emit (node:events:513:28)
    at emitErrorNT (node:internal/streams/destroy:157:8)
    at emitErrorCloseNT (node:internal/streams/destroy:122:3)
    at processTicksAndRejections (node:internal/process/task_queues:83:21) {
  code: 'UNABLE_TO_VERIFY_LEAF_SIGNATURE',
  config: {
    transitional: {
      silentJSONParsing: true,
      forcedJSONParsing: true,
      clarifyTimeoutError: false
    },
    adapter: [ 'xhr', 'http' ],
    transformRequest: [ [Function: transformRequest] ],
    transformResponse: [ [Function: transformResponse] ],
    timeout: 0,
    xsrfCookieName: 'XSRF-TOKEN',
    xsrfHeaderName: 'X-XSRF-TOKEN',
    maxContentLength: -1,
    maxBodyLength: -1,
    env: { FormData: [Function], Blob: null },
    validateStatus: [Function: validateStatus],
    headers: Object [AxiosHeaders] {
      Accept: 'application/json, text/plain, */*',
      'Content-Type': undefined,
      'User-Agent': 'axios/1.5.1',
      'Accept-Encoding': 'gzip, compress, deflate, br'
    },
    method: 'get',
    url: 'http://casinos.test/tttt',
    data: undefined
  },
  request: <ref *1> Writable {
    _writableState: WritableState {
      objectMode: false,
      highWaterMark: 16384,
      finalCalled: false,
      needDrain: false,
      ending: false,
      ended: false,
      finished: false,
      destroyed: false,
      decodeStrings: true,
      defaultEncoding: 'utf8',
      length: 0,
      writing: false,
      corked: 0,
      sync: true,
      bufferProcessing: false,
      onwrite: [Function: bound onwrite],
      writecb: null,
      writelen: 0,
      afterWriteTickInfo: null,
      buffered: [],
      bufferedIndex: 0,
      allBuffers: true,
      allNoop: true,
      pendingcb: 0,
      constructed: true,
      prefinished: false,
      errorEmitted: false,
      emitClose: true,
      autoDestroy: true,
      errored: null,
      closed: false,
      closeEmitted: false,
      [Symbol(kOnFinished)]: []
    },
    _events: [Object: null prototype] {
      response: [Function: handleResponse],
      error: [Function: handleRequestError],
      socket: [Function: handleRequestSocket]
    },
    _eventsCount: 3,
    _maxListeners: undefined,
    _options: {
      maxRedirects: 21,
      maxBodyLength: Infinity,
      protocol: 'https:',
      path: '/tttt',
      method: 'GET',
      headers: [Object: null prototype],
      agents: [Object],
      auth: null,
      family: undefined,
      beforeRedirect: [Function: dispatchBeforeRedirect],
      beforeRedirects: [Object],
      hostname: 'casinos.test',
      port: null,
      agent: undefined,
      nativeProtocols: [Object],
      pathname: '/tttt',
      slashes: true,
      hash: null,
      search: null,
      query: null,
      href: 'https://casinos.test/tttt'
    },
    _ended: true,
    _ending: true,
    _redirectCount: 1,
    _redirects: [],
    _requestBodyLength: 0,
    _requestBodyBuffers: [],
    _onNativeResponse: [Function (anonymous)],
    _currentRequest: ClientRequest {
      _events: [Object: null prototype],
      _eventsCount: 7,
      _maxListeners: undefined,
      outputData: [],
      outputSize: 0,
      writable: true,
      destroyed: false,
      _last: true,
      chunkedEncoding: false,
      shouldKeepAlive: false,
      maxRequestsOnConnectionReached: false,
      _defaultKeepAlive: true,
      useChunkedEncodingByDefault: false,
      sendDate: false,
      _removedConnection: false,
      _removedContLen: false,
      _removedTE: false,
      strictContentLength: false,
      _contentLength: 0,
      _hasBody: true,
      _trailer: '',
      finished: true,
      _headerSent: true,
      _closed: false,
      socket: [TLSSocket],
      _header: 'GET /tttt HTTP/1.1\r\n' +
        'Accept: application/json, text/plain, */*\r\n' +
        'User-Agent: axios/1.5.1\r\n' +
        'Accept-Encoding: gzip, compress, deflate, br\r\n' +
        'Host: casinos.test\r\n' +
        'Connection: close\r\n' +
        '\r\n',
      _keepAliveTimeout: 0,
      _onPendingData: [Function: nop],
      agent: [Agent],
      socketPath: undefined,
      method: 'GET',
      maxHeaderSize: undefined,
      insecureHTTPParser: undefined,
      path: '/tttt',
      _ended: false,
      res: null,
      aborted: false,
      timeoutCb: null,
      upgradeOrConnect: false,
      parser: null,
      maxHeadersCount: null,
      reusedSocket: false,
      host: 'casinos.test',
      protocol: 'https:',
      _redirectable: [Circular *1],
      [Symbol(kCapture)]: false,
      [Symbol(kBytesWritten)]: 0,
      [Symbol(kEndCalled)]: true,
      [Symbol(kNeedDrain)]: false,
      [Symbol(corked)]: 0,
      [Symbol(kOutHeaders)]: [Object: null prototype],
      [Symbol(kUniqueHeaders)]: null
    },
    _currentUrl: 'https://casinos.test/tttt',
    _isRedirect: true,
    [Symbol(kCapture)]: false
  },
  cause: Error: unable to verify the first certificate
      at TLSSocket.onConnectSecure (node:_tls_wrap:1539:34)
      at TLSSocket.emit (node:events:513:28)
      at TLSSocket._finishInit (node:_tls_wrap:953:8)
      at TLSWrap.ssl.onhandshakedone (node:_tls_wrap:734:12) {
    code: 'UNABLE_TO_VERIFY_LEAF_SIGNATURE'
  }
}
